// Jest Snapshot v1, https://goo.gl/fbAQLP

exports[`should render corr 1`] = `
<styled.div>
  <styled.div>
    <div />
    <div />
  </styled.div>
</styled.div>
`;
