// Jest Snapshot v1, https://goo.gl/fbAQLP

exports[`should render 1`] = `
<div>
  <div
    className="login-card card"
    style={
      Object {
        "margin": "10%",
        "padding": "2%",
      }
    }
  >
    <div>
      <h1>
        Sign in
      </h1>
      <div>
        <div>
          <input
            aria-label="Username"
            onChange={[Function]}
            placeholder="E-mail"
            type="text"
          />
        </div>
        <div>
          <input
            aria-label="Password"
            onChange={[Function]}
            placeholder="Password"
            type="password"
          />
        </div>
        <div>
          <button
            onClick={[Function]}
            type="submit"
          >
            Sign in
          </button>
        </div>
      </div>
    </div>
  </div>
</div>
`;
